[www.seoulmusicfestival.co.kr/index.html]
[backblue.gif]
[fade.gif]
[index.html]
[www.seoulmusicfestival.co.kr/img/smuf_og.jpg]
[www.seoulmusicfestival.co.kr/utils/css/reset.css]
[www.seoulmusicfestival.co.kr/css/l.css]
[www.seoulmusicfestival.co.kr/css/m.css]
[www.seoulmusicfestival.co.kr/css/sb.css]
[cdn.jsdelivr.net/npm/swiper@8/swiper-bundle.min.css]
[unpkg.com/aos@2.3.1/dist/aos.css]
[cdnjs.cloudflare.com/ajax/libs/animate.css/4.1.1/animate.min.css]
[cdn.jsdelivr.net/npm/remixicon@2.5.0/fonts/remixicon.css]
[unpkg.com/aos@2.3.1/dist/aos.js]
[www.seoulmusicfestival.co.kr/img/logo/logo.png]
[www.seoulmusicfestival.co.kr/img/logo/seoul_logoW.png]
[www.seoulmusicfestival.co.kr/lib/js/itboard.js]
[www.seoulmusicfestival.co.kr/kor/about/outline.html]
[www.seoulmusicfestival.co.kr/kor/index.html]
[www.seoulmusicfestival.co.kr/kor/about/schedule.html]
[www.seoulmusicfestival.co.kr/kor/about/map.html]
[www.seoulmusicfestival.co.kr/kor/about/location.html]
[www.seoulmusicfestival.co.kr/kor/lineup/lineup_1013.html]
[www.seoulmusicfestival.co.kr/utils/plugin/jquery.js]
[www.seoulmusicfestival.co.kr/kor/program/main_stage.html]
[www.seoulmusicfestival.co.kr/kor/program/sub_stage.html]
[www.seoulmusicfestival.co.kr/kor/program/side_event.html]
[www.seoulmusicfestival.co.kr/kor/gallery/gallery.html]
[www.seoulmusicfestival.co.kr/kor/gallery/smuf2019.html]
[www.seoulmusicfestival.co.kr/kor/community/notice.html]
[www.seoulmusicfestival.co.kr/kor/community/inquiry.html]
[www.seoulmusicfestival.co.kr/kor/community/faq.html]
[www.seoulmusicfestival.co.kr/img/icon/sh01.png]
[www.seoulmusicfestival.co.kr/img/header_img.png]
[www.seoulmusicfestival.co.kr/img/icon/topBtnArrow.png]
[www.seoulmusicfestival.co.kr/js/hea.js]
[www.seoulmusicfestival.co.kr/eng/index.html]
[www.seoulmusicfestival.co.kr/img/g_wave.png]
[www.seoulmusicfestival.co.kr/img/f_m1.png]
[www.seoulmusicfestival.co.kr/img/f_m2.png]
[www.seoulmusicfestival.co.kr/img/logo/smf_logoW.png]
[www.seoulmusicfestival.co.kr/index.html]
[www.seoulmusicfestival.co.kr/font/font.css]
[www.seoulmusicfestival.co.kr/utils/css/reset.css]
[www.seoulmusicfestival.co.kr/utils/css/scroll.css]
[www.seoulmusicfestival.co.kr/img/header_ling.jpg]
[www.seoulmusicfestival.co.kr/img/ticket_circle.png]
[www.seoulmusicfestival.co.kr/img/ticket_circle_2.png]
[www.seoulmusicfestival.co.kr/css/l.css]
[www.seoulmusicfestival.co.kr/img/s1_bg00.jpg]
[www.seoulmusicfestival.co.kr/img/s1_bg01.png]
[www.seoulmusicfestival.co.kr/img/s1_bg02.png]
[www.seoulmusicfestival.co.kr/img/s1_bg03.png]
[www.seoulmusicfestival.co.kr/img/icon/arrow_1.png]
[www.seoulmusicfestival.co.kr/img/icon/arrow_1_r.png]
[www.seoulmusicfestival.co.kr/img/icon/arrow_1_b.png]
[www.seoulmusicfestival.co.kr/img/icon/arrow_1_b_r.png]
[www.seoulmusicfestival.co.kr/img/icon/arrow_1_w_r.png]
[www.seoulmusicfestival.co.kr/css/m.css]
[www.seoulmusicfestival.co.kr/img/sub/out/out_img01.png]
[www.seoulmusicfestival.co.kr/img/arrow/program_arr_l.png]
[www.seoulmusicfestival.co.kr/img/arrow/program_arr_r_w.png]
[www.seoulmusicfestival.co.kr/img/sub/sche/schedule_img02.png]
[www.seoulmusicfestival.co.kr/css/sb.css]
[cdn.jsdelivr.net/npm/swiper@8/swiper-bundle.min.css]
[unpkg.com/aos@2.3.1/dist/aos.css]
[cdnjs.cloudflare.com/ajax/libs/animate.css/4.1.1/animate.min.css]
[cdn.jsdelivr.net/npm/remixicon@2.5.0/fonts/remixicondf6d.woff2]
[cdn.jsdelivr.net/npm/remixicon@2.5.0/fonts/remixicondf6d.woff]
[cdn.jsdelivr.net/npm/remixicon@2.5.0/fonts/remixicondf6d.eot]
[cdn.jsdelivr.net/npm/remixicon@2.5.0/fonts/remixicondf6d.ttf]
[cdn.jsdelivr.net/npm/remixicon@2.5.0/fonts/remixicon.css]
[www.seoulmusicfestival.co.kr/img/s1_back01.png]
[www.seoulmusicfestival.co.kr/img/s1_back02.png]
[www.seoulmusicfestival.co.kr/img/firework01.png]
[www.seoulmusicfestival.co.kr/img/firework02.png]
[www.seoulmusicfestival.co.kr/img/firework03.png]
[www.seoulmusicfestival.co.kr/img/firework04.png]
[cdn.jsdelivr.net/npm/remixicon@2.5.0/fonts/remixicondf6d.svg]
[www.seoulmusicfestival.co.kr/img/s1_m1.png]
[www.seoulmusicfestival.co.kr/img/w_wave.png]
[www.seoulmusicfestival.co.kr/img/s2_m2.png]
[www.seoulmusicfestival.co.kr/img/logo/seoul_logoC.png]
[www.seoulmusicfestival.co.kr/img/s2_bg01.png]
[www.seoulmusicfestival.co.kr/img/s2_bg02.png]
[www.seoulmusicfestival.co.kr/img/p_wave.png]
[www.seoulmusicfestival.co.kr/img/s3_m1.png]
[www.seoulmusicfestival.co.kr/img/s3_ss01.jpg]
[www.seoulmusicfestival.co.kr/img/s3_ss02.jpg]
[www.seoulmusicfestival.co.kr/img/s3_ss03.png]
[www.seoulmusicfestival.co.kr/img/s4_m1.png]
[www.seoulmusicfestival.co.kr/img/s4_m2.png]
[www.seoulmusicfestival.co.kr/img/s4_m3.png]
[www.seoulmusicfestival.co.kr/img/s4_m4.png]
[www.seoulmusicfestival.co.kr/img/s4_ss01.jpg]
[www.seoulmusicfestival.co.kr/img/s4_ss02.jpg]
[www.seoulmusicfestival.co.kr/img/s4_ss03.jpg]
[www.seoulmusicfestival.co.kr/img/s5_m1.png]
[www.seoulmusicfestival.co.kr/kor/community/notice_view5a16.html]
[www.seoulmusicfestival.co.kr/img/icon/arrow_2_r.png]
[www.seoulmusicfestival.co.kr/img/s6_m1.png]
[www.seoulmusicfestival.co.kr/kor/community/notice_view0073.html]
[www.seoulmusicfestival.co.kr/kor/gallery/gallery_view5a16.html]
[www.seoulmusicfestival.co.kr/data/board/GALLERY/1982150079_E1Z5WaLO_3b99915732254209ebd5e8fb4f2cc17825f887f3.jpg]
[www.seoulmusicfestival.co.kr/img/icon/ticket_icon.png]
[www.seoulmusicfestival.co.kr/utils/plugin/gsap3/gsap.min.js]
[cdn.jsdelivr.net/npm/swiper@8/swiper-bundle.min.js]
[www.seoulmusicfestival.co.kr/js/m.js]
[www.seoulmusicfestival.co.kr/kor/community/notice_viewc96e.html]
[www.seoulmusicfestival.co.kr/data/popup/2022093022300916645446094037.jpg]
[www.seoulmusicfestival.co.kr/kor/index.html]
[www.seoulmusicfestival.co.kr/img/fceee4_wave_148.png]
[www.seoulmusicfestival.co.kr/img/sub/out/out_img02.png]
[www.seoulmusicfestival.co.kr/img/sub/out/out_fire01.png]
[www.seoulmusicfestival.co.kr/img/sub/out/out_fire02.png]
[www.seoulmusicfestival.co.kr/img/sub/out/out_fire03.png]
[www.seoulmusicfestival.co.kr/img/sub/out/out_fire04.png]
[www.seoulmusicfestival.co.kr/img/p_wave_148.png]
[www.seoulmusicfestival.co.kr/img/sub/sv_img04.png]
[www.seoulmusicfestival.co.kr/img/sub/sv_img03.png]
[www.seoulmusicfestival.co.kr/img/sub/out/out_img03.png]
[www.seoulmusicfestival.co.kr/img/sub/out/poster.jpg]
[www.seoulmusicfestival.co.kr/js/tap.js]
[www.seoulmusicfestival.co.kr/kor/about/outline.html]
[www.seoulmusicfestival.co.kr/img/sub/sche/schedule_obj03.png]
[www.seoulmusicfestival.co.kr/js/subV.js]
[www.seoulmusicfestival.co.kr/img/sub/sche/schedule_img01.png]
[www.seoulmusicfestival.co.kr/img/sub/sche/schedule_obj01.png]
[www.seoulmusicfestival.co.kr/img/sub/sche/schedule_obj02.png]
[www.seoulmusicfestival.co.kr/kor/about/schedule.html]
[www.seoulmusicfestival.co.kr/img/w_wave_148.png]
[www.seoulmusicfestival.co.kr/kor/about/map.html]
[www.seoulmusicfestival.co.kr/img/place_kor.jpg]
[www.seoulmusicfestival.co.kr/img/sub/loc/pub_img01.png]
[www.seoulmusicfestival.co.kr/img/sub/loc/pub_img02.png]
[ssl.daumcdn.net/dmaps/map_js_init/roughmapLoader.js]
[www.seoulmusicfestival.co.kr/kor/about/location.html]
[www.seoulmusicfestival.co.kr/kor/lineup/lineup_1014.html]
[www.seoulmusicfestival.co.kr/kor/lineup/lineup_1015.html]
[www.seoulmusicfestival.co.kr/kor/lineup/lineup_1016.html]
[www.seoulmusicfestival.co.kr/img/sub/lineup/lineup_1013_text.png]
[www.seoulmusicfestival.co.kr/img/sub/lineup/lineup_1013_img02.png]
[www.seoulmusicfestival.co.kr/img/sub/lineup/lineup_1013_img04.png]
[www.seoulmusicfestival.co.kr/img/sub/lineup/lineup_1013_img05.png]
[www.seoulmusicfestival.co.kr/img/sub/lineup/lineup_1013_img03.png]
[www.seoulmusicfestival.co.kr/img/sub/lineup/lineup_1013_img01.png]
[www.seoulmusicfestival.co.kr/img/sub/lineup/lineup_1013_obj01.png]
[www.seoulmusicfestival.co.kr/img/sub/lineup/lineup_1013_obj02.png]
[www.seoulmusicfestival.co.kr/img/sub/lineup/lineup_1013_obj03.png]
[www.seoulmusicfestival.co.kr/kor/lineup/lineup_1013.html]
[www.seoulmusicfestival.co.kr/img/sub/lineup/lineup_1014_text.png]
[www.seoulmusicfestival.co.kr/img/sub/lineup/lineup_1014_img01.png]
[www.seoulmusicfestival.co.kr/img/sub/lineup/lineup_1014_img02.png]
[www.seoulmusicfestival.co.kr/img/sub/lineup/lineup_1014_img03.png]
[www.seoulmusicfestival.co.kr/img/sub/lineup/lineup_1014_img04.png]
[www.seoulmusicfestival.co.kr/img/sub/lineup/lineup_1014_img05.png]
[www.seoulmusicfestival.co.kr/img/sub/lineup/lineup_1014_obj01.png]
[www.seoulmusicfestival.co.kr/img/sub/lineup/lineup_1014_obj02.png]
[www.seoulmusicfestival.co.kr/img/sub/lineup/lineup_1014_obj03.png]
[www.seoulmusicfestival.co.kr/img/sub/lineup/lineup_1015_text.png]
[www.seoulmusicfestival.co.kr/img/sub/lineup/lineup_1015_img01.png]
[www.seoulmusicfestival.co.kr/img/sub/lineup/lineup_1015_img02.png]
[www.seoulmusicfestival.co.kr/img/sub/lineup/lineup_1015_img03.png]
[www.seoulmusicfestival.co.kr/img/sub/lineup/lineup_1015_img04.png]
[www.seoulmusicfestival.co.kr/img/sub/lineup/lineup_1015_img05.png]
[www.seoulmusicfestival.co.kr/img/sub/lineup/lineup_1015_obj01.png]
[www.seoulmusicfestival.co.kr/img/sub/lineup/lineup_1015_obj02.png]
[www.seoulmusicfestival.co.kr/img/sub/lineup/lineup_1015_obj03.png]
[www.seoulmusicfestival.co.kr/img/sub/lineup/lineup_1016_text.png]
[www.seoulmusicfestival.co.kr/img/sub/lineup/lineup_1016_img01.png]
[www.seoulmusicfestival.co.kr/img/sub/lineup/lineup_1016_img02.png]
[www.seoulmusicfestival.co.kr/img/sub/lineup/lineup_1016_img03.png]
[www.seoulmusicfestival.co.kr/img/sub/lineup/lineup_1016_img04.png]
[www.seoulmusicfestival.co.kr/img/sub/lineup/lineup_1016_img05.png]
[www.seoulmusicfestival.co.kr/img/sub/lineup/lineup_1016_obj01.png]
[www.seoulmusicfestival.co.kr/img/sub/lineup/lineup_1016_obj02.png]
[www.seoulmusicfestival.co.kr/img/sub/lineup/lineup_1016_obj03.png]
[www.seoulmusicfestival.co.kr/img/sub/program/main_stage_obj02.png]
[www.seoulmusicfestival.co.kr/img/sub/program/main_stage_obj03.png]
[www.seoulmusicfestival.co.kr/img/sub/program/main_stage_obj06.png]
[www.seoulmusicfestival.co.kr/kor/program/main_stage.html]
[www.seoulmusicfestival.co.kr/img/sub/program/sub_stage_img01.jpg]
[www.seoulmusicfestival.co.kr/img/sub/program/sub_stage_obj01.png]
[www.seoulmusicfestival.co.kr/img/sub/program/sub_stage_obj02.png]
[www.seoulmusicfestival.co.kr/img/sub/program/sub_stage_obj03.png]
[www.seoulmusicfestival.co.kr/kor/program/sub_stage.html]
[www.seoulmusicfestival.co.kr/img/sub/program/side_event_img01.jpg]
[www.seoulmusicfestival.co.kr/img/sub/program/culture_icon_music.png]
[www.seoulmusicfestival.co.kr/img/sub/program/culture_icon_concert.png]
[www.seoulmusicfestival.co.kr/img/sub/program/culture_icon_travel.png]
[www.seoulmusicfestival.co.kr/img/sub/program/culture_icon_lecture.png]
[www.seoulmusicfestival.co.kr/img/sub/program/culture_icon_enter.png]
[www.seoulmusicfestival.co.kr/img/sub/program/culture_icon1.png]
[www.seoulmusicfestival.co.kr/img/sub/program/culture_icon2.png]
[www.seoulmusicfestival.co.kr/img/sub/program/culture_icon3.png]
[www.seoulmusicfestival.co.kr/img/sub/program/culture_icon4.png]
[www.seoulmusicfestival.co.kr/img/sub/program/culture_icon5.png]
[www.seoulmusicfestival.co.kr/img/sub/program/side_event_img02.jpg]
[www.seoulmusicfestival.co.kr/img/sub/program/brand_logo.png]
[www.seoulmusicfestival.co.kr/img/sub/program/beauty_icon1.png]
[www.seoulmusicfestival.co.kr/img/sub/program/beauty_icon2.png]
[www.seoulmusicfestival.co.kr/img/sub/program/beauty_icon3.png]
[www.seoulmusicfestival.co.kr/img/sub/program/beauty_icon4.png]
[www.seoulmusicfestival.co.kr/img/sub/program/beauty_icon5.png]
[www.seoulmusicfestival.co.kr/kor/program/side_event.html]
[www.seoulmusicfestival.co.kr/img/sub/program/beauty_icon6.png]
[www.seoulmusicfestival.co.kr/kor/gallery/gallery_viewc96e.html]
[www.seoulmusicfestival.co.kr/kor/gallery/gallery.html]
[www.seoulmusicfestival.co.kr/data/board/GALLERY_2019/236978844_oNFR4zfY_c9d8ba4d1e7ffb8b9c0d9470dc54988343cbb4ad.jpg]
[www.seoulmusicfestival.co.kr/kor/gallery/smuf2019_viewddff.html]
[www.seoulmusicfestival.co.kr/kor/gallery/smuf2019_view79e2.html]
[www.seoulmusicfestival.co.kr/data/board/GALLERY_2019/236978844_WQUL5qk8_be763e1333da67cc8c5095654d28d7f0f0b6859f.jpg]
[www.seoulmusicfestival.co.kr/kor/gallery/smuf2019_view785a.html]
[www.seoulmusicfestival.co.kr/data/board/GALLERY_2019/236978844_lCY4XfTo_6f5e82aa6ad603d7e831e4841259471a34135313.jpg]
[www.seoulmusicfestival.co.kr/kor/gallery/smuf2019_view8960.html]
[www.seoulmusicfestival.co.kr/data/board/GALLERY_2019/236978844_kXWM38ix_b4958f06a314531c93860944b994a97fb9bd3429.jpg]
[www.seoulmusicfestival.co.kr/kor/gallery/smuf20194b40.html]
[www.seoulmusicfestival.co.kr/kor/gallery/smuf2019.html]
[www.seoulmusicfestival.co.kr/kor/community/notice_viewafd6.html]
[www.seoulmusicfestival.co.kr/img/icon/icon_sch.jpg]
[www.seoulmusicfestival.co.kr/kor/community/notice.html]
[www.seoulmusicfestival.co.kr/lib/plugin/captcha/captcha.png]
[www.seoulmusicfestival.co.kr/kor/community/inquiry.html]
[www.seoulmusicfestival.co.kr/js/pri.js]
[www.seoulmusicfestival.co.kr/kor/community/faq.html]
[www.seoulmusicfestival.co.kr/img/logo/seoul_eng_logoC.png]
[www.seoulmusicfestival.co.kr/eng/about/outline.html]
[www.seoulmusicfestival.co.kr/eng/about/schedule.html]
[www.seoulmusicfestival.co.kr/eng/about/map.html]
[www.seoulmusicfestival.co.kr/eng/about/location.html]
[www.seoulmusicfestival.co.kr/eng/lineup/lineup_1013.html]
[www.seoulmusicfestival.co.kr/eng/program/main_stage.html]
[www.seoulmusicfestival.co.kr/eng/program/sub_stage.html]
[www.seoulmusicfestival.co.kr/eng/program/side_event.html]
[www.seoulmusicfestival.co.kr/eng/gallery/gallery.html]
[www.seoulmusicfestival.co.kr/eng/gallery/smuf2019.html]
[www.seoulmusicfestival.co.kr/eng/community/notice.html]
[www.seoulmusicfestival.co.kr/eng/community/inquiry.html]
[www.seoulmusicfestival.co.kr/eng/community/faq.html]
[www.seoulmusicfestival.co.kr/img/s3_m1_eng.png]
[www.seoulmusicfestival.co.kr/eng/community/notice_view3b2e.html]
[www.seoulmusicfestival.co.kr/eng/gallery/gallery_view3b2e.html]
[img.youtube.com/vi/I9NWs6hWw9E/maxresdefault.jpg]
[www.seoulmusicfestival.co.kr/eng/index.html]
[www.seoulmusicfestival.co.kr/font/gmarket/GmarketSansTTFMedium.woff]
[www.seoulmusicfestival.co.kr/font/gmarket/GmarketSansTTFLight.woff]
[www.seoulmusicfestival.co.kr/font/gmarket/GmarketSansTTFBold.woff]
[www.seoulmusicfestival.co.kr/font/gmarket/stylesheet.css]
[cdn.jsdelivr.net/npm/remixicon@2.5.0/fonts/remixicondf6d.svg]
[smf2022.dbalfoek.gethompy.com/data/editor/2209/20220930222643_1-1.jpg]
[smf2022.dbalfoek.gethompy.com/data/editor/2209/20220930222643_1-2.jpg]
[smf2022.dbalfoek.gethompy.com/data/editor/2209/20220930222746_2-1.jpg]
[smf2022.dbalfoek.gethompy.com/data/editor/2209/20220930222746_2-2.jpg]
[www.seoulmusicfestival.co.kr/kor/community/notice2cd3.html]
[www.seoulmusicfestival.co.kr/kor/community/notice_view5a16.html]
[smf2022.dbalfoek.gethompy.com/data/editor/2209/20220929183339_Ticket1.jpg]
[www.seoulmusicfestival.co.kr/kor/community/notice_view0073.html]
[www.seoulmusicfestival.co.kr/kor/gallery/gallery2cd3.html]
[www.seoulmusicfestival.co.kr/kor/gallery/gallery_view5a16.html]
[www.seoulmusicfestival.co.kr/kor/community/notice_viewc96e.html]
[www.seoulmusicfestival.co.kr/kor/lineup/lineup_1014.html]
[www.seoulmusicfestival.co.kr/kor/lineup/lineup_1015.html]
[www.seoulmusicfestival.co.kr/kor/lineup/lineup_1016.html]
[www.seoulmusicfestival.co.kr/kor/gallery/gallery_viewc96e.html]
[www.seoulmusicfestival.co.kr/data/board/GALLERY_2019/236978844_6WuG3hex_6a7cc4b2c5eec73d1f8163cde925d4f13c153d9a.jpg]
[www.seoulmusicfestival.co.kr/data/board/GALLERY_2019/236978844_1pRzY64X_0278e05e863f799844796f653777f450471cf26b.jpg]
[www.seoulmusicfestival.co.kr/kor/gallery/smuf2019_viewddff.html]
[www.seoulmusicfestival.co.kr/data/board/GALLERY_2019/236978844_bixNk5fV_3a6c3063d2252426d507a32e325b395f241708db.jpg]
[www.seoulmusicfestival.co.kr/data/board/GALLERY_2019/236978844_EqCWTxQL_90554ef2eb25704332f5a1b428507d8a892d5bc2.jpg]
[www.seoulmusicfestival.co.kr/kor/gallery/smuf2019_view79e2.html]
[www.seoulmusicfestival.co.kr/data/board/GALLERY_2019/236978844_JEYK0iuI_2e91cec4f77bbf87acc6f1d9624def1720b53b4e.jpg]
[www.seoulmusicfestival.co.kr/data/board/GALLERY_2019/236978844_lD7cOqkL_d5615b7c086768d6020321f1a389f580c5e6d837.jpg]
[www.seoulmusicfestival.co.kr/kor/gallery/smuf2019_view785a.html]
[www.seoulmusicfestival.co.kr/data/board/GALLERY_2019/236978844_3x7jXfbL_f8246ababf294cf36b8bc2cdadaa14c4724716dd.jpg]
[www.seoulmusicfestival.co.kr/data/board/GALLERY_2019/236978844_P3bBdcaV_752de698dd17618b1984753d2889451c06964b57.jpg]
[www.seoulmusicfestival.co.kr/kor/gallery/smuf2019_view8960.html]
[www.seoulmusicfestival.co.kr/kor/gallery/smuf2019_view47c8.html]
[www.seoulmusicfestival.co.kr/data/board/GALLERY_2019/236978844_x9oUbMlG_95ec8fbe8ab9cacc35a151a5b7f529d52141837d.jpg]
[www.seoulmusicfestival.co.kr/kor/gallery/smuf2019_view4e5f.html]
[www.seoulmusicfestival.co.kr/data/board/GALLERY_2019/236978844_Pc7Q02zZ_d2999e5ecce6311b6d0290e8b5f5af6ae3403568.jpg]
[www.seoulmusicfestival.co.kr/kor/gallery/smuf2019_view5796.html]
[www.seoulmusicfestival.co.kr/data/board/GALLERY_2019/236978844_2ua4SkfQ_864876e271f2df6b37b9abf21325efd201fecbf9.jpg]
[www.seoulmusicfestival.co.kr/kor/gallery/smuf2019_viewe903.html]
[www.seoulmusicfestival.co.kr/data/board/GALLERY_2019/236978844_ry3e7Yn1_fee5963cc7a2ee56d84908507b8c5c19225a4a64.jpg]
[www.seoulmusicfestival.co.kr/kor/gallery/smuf2019ab4d.html]
[www.seoulmusicfestival.co.kr/kor/gallery/smuf20194b40.html]
[www.seoulmusicfestival.co.kr/kor/community/notice_viewafd6.html]
[www.seoulmusicfestival.co.kr/img/sub/out/out_img02_eng.png]
[www.seoulmusicfestival.co.kr/eng/about/outline.html]
[www.seoulmusicfestival.co.kr/img/sub/sche/schedule_img01_en.png]
[www.seoulmusicfestival.co.kr/eng/about/schedule.html]
[www.seoulmusicfestival.co.kr/img/place_eng.jpg]
[www.seoulmusicfestival.co.kr/eng/about/map.html]
[www.seoulmusicfestival.co.kr/eng/about/location.html]
[www.seoulmusicfestival.co.kr/eng/lineup/lineup_1014.html]
[www.seoulmusicfestival.co.kr/eng/lineup/lineup_1015.html]
[www.seoulmusicfestival.co.kr/eng/lineup/lineup_1016.html]
[www.seoulmusicfestival.co.kr/eng/lineup/lineup_1013.html]
[www.seoulmusicfestival.co.kr/eng/program/main_stage.html]
[www.seoulmusicfestival.co.kr/eng/program/sub_stage.html]
[www.seoulmusicfestival.co.kr/eng/program/side_event.html]
[www.seoulmusicfestival.co.kr/eng/gallery/gallery.html]
[www.seoulmusicfestival.co.kr/eng/gallery/gallery_viewbb49.html]
[www.seoulmusicfestival.co.kr/eng/gallery/smuf2019.html]
[www.seoulmusicfestival.co.kr/eng/community/notice.html]
[www.seoulmusicfestival.co.kr/eng/community/notice_viewbb49.html]
[www.seoulmusicfestival.co.kr/eng/community/inquiry.html]
[www.seoulmusicfestival.co.kr/eng/community/faq.html]
[smf2022.dbalfoek.gethompy.com/data/editor/2209/20220929183347_Ticket1.jpg]
[www.seoulmusicfestival.co.kr/eng/community/notice2cd3.html]
[www.seoulmusicfestival.co.kr/eng/community/notice_view3b2e.html]
[www.seoulmusicfestival.co.kr/eng/gallery/gallery_view3b2e.html]
[www.seoulmusicfestival.co.kr/eng/gallery/gallery2cd3.html]
[www.seoulmusicfestival.co.kr/font/gmarket/GmarketSansTTFMedium.html]
[www.seoulmusicfestival.co.kr/font/gmarket/GmarketSansTTFLight.html]
[www.seoulmusicfestival.co.kr/font/gmarket/GmarketSansTTFBold.html]
[www.seoulmusicfestival.co.kr/kor/community/notice2cd3.html]
[www.seoulmusicfestival.co.kr/kor/gallery/gallery2cd3.html]
[www.seoulmusicfestival.co.kr/data/board/GALLERY_2019/236978844_hWfynBtx_af034d9371f9504eafdf6bfcd6b5075fdacf8ecb.jpg]
[www.seoulmusicfestival.co.kr/kor/gallery/gallery0a7f.html]
[www.seoulmusicfestival.co.kr/kor/gallery/smuf2019_view47c8.html]
[www.seoulmusicfestival.co.kr/data/board/GALLERY_2019/236978844_YRSPeVGd_75df37cdbfb1313a3726ded29e952a6316fe1dde.jpg]
[www.seoulmusicfestival.co.kr/data/board/GALLERY_2019/236978844_m80xABDU_32e9d1474f4c4934a7e0f3f57e2fe161900618ea.jpg]
[www.seoulmusicfestival.co.kr/kor/gallery/smuf2019_view4e5f.html]
[www.seoulmusicfestival.co.kr/data/board/GALLERY_2019/236978844_ynNAzECk_716db615b25139830fcf3c9a9a9af503f769080b.jpg]
[www.seoulmusicfestival.co.kr/data/board/GALLERY_2019/236978844_dCLU39ox_63d997312ee2e95dd0310543f8708b0de2f563b5.jpg]
[www.seoulmusicfestival.co.kr/kor/gallery/smuf2019_view5796.html]
[www.seoulmusicfestival.co.kr/data/board/GALLERY_2019/236978844_NM36LiA5_e2490dc5efbd5f806f852a8fcada59ca08a7089f.jpg]
[www.seoulmusicfestival.co.kr/kor/gallery/smuf2019_viewe903.html]
[www.seoulmusicfestival.co.kr/kor/gallery/smuf2019_viewcb5f.html]
[www.seoulmusicfestival.co.kr/kor/gallery/smuf2019_viewf114.html]
[www.seoulmusicfestival.co.kr/kor/gallery/smuf2019_viewa386.html]
[www.seoulmusicfestival.co.kr/kor/gallery/smuf2019ab4d.html]
[www.seoulmusicfestival.co.kr/eng/lineup/lineup_1014.html]
[www.seoulmusicfestival.co.kr/eng/lineup/lineup_1015.html]
[www.seoulmusicfestival.co.kr/eng/lineup/lineup_1016.html]
[www.seoulmusicfestival.co.kr/eng/gallery/gallery_viewbb49.html]
[www.seoulmusicfestival.co.kr/eng/community/notice_viewbb49.html]
[www.seoulmusicfestival.co.kr/eng/community/notice2cd3.html]
[www.seoulmusicfestival.co.kr/eng/gallery/gallery2cd3.html]
[www.seoulmusicfestival.co.kr/kor/gallery/smuf2019_viewcf24.html]
[www.seoulmusicfestival.co.kr/kor/gallery/gallery0a7f.html]
[www.seoulmusicfestival.co.kr/kor/gallery/galleryab4d.html]
[www.seoulmusicfestival.co.kr/kor/gallery/smuf2019_viewcb5f.html]
[www.seoulmusicfestival.co.kr/kor/gallery/smuf2019_viewf114.html]
[www.seoulmusicfestival.co.kr/kor/gallery/smuf2019_viewa386.html]
[www.seoulmusicfestival.co.kr/kor/gallery/smuf2019_viewcf24.html]
[www.seoulmusicfestival.co.kr/kor/gallery/galleryab4d.html]
[www.seoulmusicfestival.co.kr/kor/gallery/gallery_view9d63.html]
[www.seoulmusicfestival.co.kr/kor/gallery/gallery_view9d63.html]
